2026-09-20 21:39:43 INFO  [Automation Testing] [RestAssuredLogs] ==================== API Scenario START: Verify POST Companies API ====================
2026-09-20 21:39:43 INFO  [Automation Testing] [RestAssuredLogs] 1
2026-09-20 21:39:43 INFO  [Automation Testing] [RestAssuredLogs] 2
2026-09-20 21:39:43 INFO  [Automation Testing] [RestAssuredLogs] 3
2026-09-20 21:39:43 INFO  [Automation Testing] [RestAssuredLogs] 4
2026-09-20 21:39:43 INFO  [Automation Testing] [RestAssuredLogs] 6
2026-09-20 21:39:43 INFO  [Automation Testing] [RestAssuredLogs] --------------------- Request Logs started: ---------------------
Request method:	POST
Request URI:	http://localhost:9090/companies
Proxy:			<none>
Request params:	<none>
Query params:	<none>
Form params:	<none>
Path params:	<none>
Headers:		Accept=*/*
				Content-Type=application/json
Cookies:		<none>
Multiparts:		<none>
Body:
{
    "companies": [
        {
            "name": "Apple",
            "products": [
                "iPhone",
                "iPad",
                "MacBook"
            ],
            "headquarters": "Cupertino, CA",
            "country": "USA"
        },
        {
            "name": "Samsung",
            "products": [
                "Galaxy S23",
                "Galaxy Tab"
            ],
            "headquarters": "Seoul, South Korea",
            "country": "Korea"
        }
    ]
}

2026-09-20 21:39:43 INFO  [Automation Testing] [RestAssuredLogs] --------------------- Response Logs started: ---------------------
HTTP/1.1 201 
Content-Type: application/json
Content-Length: 230
Date: Sun, 20 Sep 2026 16:09:43 GMT
Keep-Alive: timeout=60
Connection: keep-alive

{
    "companies": [
        {
            "name": "Apple",
            "products": [
                "iPhone",
                "iPad",
                "MacBook"
            ],
            "headquarters": "Cupertino, CA",
            "country": "USA"
        },
        {
            "name": "Samsung",
            "products": [
                "Galaxy S23",
                "Galaxy Tab"
            ],
            "headquarters": "Seoul, South Korea",
            "country": "Korea"
        }
    ]
}

2026-09-20 21:39:43 INFO  [Automation Testing] [RestAssuredLogs] 7
2026-09-20 21:39:43 INFO  [Automation Testing] [RestAssuredLogs] 8
2026-09-20 21:39:43 INFO  [Automation Testing] [RestAssuredLogs] ==================== API Scenario END : Verify POST Companies API ====================
2026-09-20 21:39:43 INFO  [Automation Testing] [RestAssuredLogs] =======================================================================================
2026-09-20 21:39:43 INFO  [Automation Testing] [RestAssuredLogs] ==================== API Scenario START: Verify GET Companies API ====================
2026-09-20 21:39:43 INFO  [Automation Testing] [RestAssuredLogs] 5
2026-09-20 21:39:43 INFO  [Automation Testing] [RestAssuredLogs] 6
2026-09-20 21:39:43 INFO  [Automation Testing] [RestAssuredLogs] --------------------- Request Logs started: ---------------------
Request method:	GET
Request URI:	http://localhost:9090/companies
Proxy:			<none>
Request params:	<none>
Query params:	<none>
Form params:	<none>
Path params:	<none>
Headers:		Accept=*/*
				Content-Type=application/json
Cookies:		<none>
Multiparts:		<none>
Body:			<none>

2026-09-20 21:39:43 INFO  [Automation Testing] [RestAssuredLogs] --------------------- Response Logs started: ---------------------
HTTP/1.1 200 
Content-Type: application/json
Content-Length: 230
Date: Sun, 20 Sep 2026 16:09:43 GMT
Keep-Alive: timeout=60
Connection: keep-alive

{
    "companies": [
        {
            "name": "Apple",
            "products": [
                "iPhone",
                "iPad",
                "MacBook"
            ],
            "headquarters": "Cupertino, CA",
            "country": "USA"
        },
        {
            "name": "Samsung",
            "products": [
                "Galaxy S23",
                "Galaxy Tab"
            ],
            "headquarters": "Seoul, South Korea",
            "country": "Korea"
        }
    ]
}

2026-09-20 21:39:43 INFO  [Automation Testing] [RestAssuredLogs] 7
2026-09-20 21:39:43 INFO  [Automation Testing] [RestAssuredLogs] 8
2026-09-20 21:39:43 INFO  [Automation Testing] [RestAssuredLogs] ==================== API Scenario END : Verify GET Companies API ====================
2026-09-20 21:39:43 INFO  [Automation Testing] [RestAssuredLogs] =======================================================================================
